******************************************************************************
                  TI ARM Linker PC v5.2.5                      
******************************************************************************
>> Linked Sat Sep 26 00:48:57 2015

OUTPUT FILE NAME:   <UART_TUT.out>
ENTRY POINT SYMBOL: "_c_int00"  address: 00000881


MEMORY CONFIGURATION

         name            origin    length      used     unused   attr    fill
----------------------  --------  ---------  --------  --------  ----  --------
  FLASH                 00000000   00040000  00000c06  0003f3fa  R  X
  SRAM                  20000000   00008000  00000214  00007dec  RW X


SEGMENT ALLOCATION MAP

run origin  load origin   length   init length attrs members
----------  ----------- ---------- ----------- ----- -------
00000000    00000000    00000c08   00000c08    r-x
  00000000    00000000    0000026c   0000026c    r-- .intvecs
  0000026c    0000026c    0000087e   0000087e    r-x .text
  00000aec    00000aec    000000fc   000000fc    r-- .const
  00000be8    00000be8    00000020   00000020    r-- .cinit
20000000    20000000    00000214   00000000    rw-
  20000000    20000000    00000200   00000000    rw- .stack
  20000200    20000200    00000014   00000000    rw- .data


SECTION ALLOCATION MAP

 output                                  attributes/
section   page    origin      length       input sections
--------  ----  ----------  ----------   ----------------
.intvecs   0    00000000    0000026c     
                  00000000    0000026c     tm4c123gh6pm_startup_ccs.obj (.intvecs)

.text      0    0000026c    0000087e     
                  0000026c    00000130     driverlib.lib : gpio.obj (.text:GPIOPadConfigSet)
                  0000039c    00000118                   : sysctl.obj (.text:SysCtlClockGet)
                  000004b4    000000f0                   : sysctl.obj (.text:SysCtlClockSet)
                  000005a4    000000ec     main.obj (.text)
                  00000690    0000009c     rtsv7M4_T_le_v4SPD16_eabi.lib : memcpy_t2.obj (.text)
                  0000072c    0000007a                                   : memset_t2.obj (.text)
                  000007a6    00000002     --HOLE-- [fill = 0]
                  000007a8    0000006c                                   : autoinit.obj (.text)
                  00000814    0000006a                                   : copy_decompress_rle.obj (.text)
                  0000087e    00000002     --HOLE-- [fill = 0]
                  00000880    00000050                                   : boot.obj (.text)
                  000008d0    0000004c                                   : cpy_tbl.obj (.text)
                  0000091c    00000048     driverlib.lib : gpio.obj (.text:GPIOPinConfigure)
                  00000964    00000044     rtsv7M4_T_le_v4SPD16_eabi.lib : exit.obj (.text)
                  000009a8    00000040     driverlib.lib : uart.obj (.text:UARTConfigSetExpClk)
                  000009e8    00000034                   : sysctl.obj (.text:SysCtlPeripheralEnable)
                  00000a1c    0000002a                   : gpio.obj (.text:GPIODirModeSet)
                  00000a46    00000002     --HOLE-- [fill = 0]
                  00000a48    0000001c                   : uart.obj (.text:UARTDisable)
                  00000a64    00000018     rtsv7M4_T_le_v4SPD16_eabi.lib : args_main.obj (.text)
                  00000a7c    00000014     driverlib.lib : uart.obj (.text:UARTEnable)
                  00000a90    00000014     rtsv7M4_T_le_v4SPD16_eabi.lib : _lock.obj (.text)
                  00000aa4    00000012     driverlib.lib : gpio.obj (.text:GPIOPinTypeUART)
                  00000ab6    0000000e     rtsv7M4_T_le_v4SPD16_eabi.lib : copy_decompress_none.obj (.text:decompress:none)
                  00000ac4    0000000c     tm4c123gh6pm_startup_ccs.obj (.text)
                  00000ad0    0000000a     driverlib.lib : uart.obj (.text:UARTCharPut)
                  00000ada    00000006                   : sysctl.obj (.text:SysCtlDelay)
                  00000ae0    00000006     rtsv7M4_T_le_v4SPD16_eabi.lib : copy_decompress_rle.obj (.text:decompress:rle24)
                  00000ae6    00000004                                   : pre_init.obj (.text)

.const     0    00000aec    000000fc     
                  00000aec    00000090     driverlib.lib : gpio.obj (.const:g_pui32GPIOBaseAddrs)
                  00000b7c    0000006c                   : sysctl.obj (.const:g_pui32Xtals)

.cinit     0    00000be8    00000020     
                  00000be8    0000000f     (.cinit..data.load) [load image, compression = rle]
                  00000bf7    00000001     --HOLE-- [fill = 0]
                  00000bf8    00000008     (__TI_handler_table)
                  00000c00    00000008     (__TI_cinit_table)

.init_array 
*          0    00000000    00000000     UNINITIALIZED

.stack     0    20000000    00000200     UNINITIALIZED
                  20000000    00000200     --HOLE--

.data      0    20000200    00000014     UNINITIALIZED
                  20000200    00000008     rtsv7M4_T_le_v4SPD16_eabi.lib : _lock.obj (.data)
                  20000208    00000008                                   : exit.obj (.data)
                  20000210    00000004                                   : stkdepth_vars.obj (.data)

.TI.persistent 
*          0    20000200    00000000     UNINITIALIZED


LINKER GENERATED COPY TABLES

__TI_cinit_table @ 00000c00 records: 1, size/record: 8, table size: 8
	.data: load addr=00000be8, load size=0000000f bytes, run addr=20000200, run size=00000014 bytes, compression=rle


LINKER GENERATED HANDLER TABLE

__TI_handler_table @ 00000bf8 records: 2, size/record: 4, table size: 8
	index: 0, handler: __TI_decompress_rle24
	index: 1, handler: __TI_decompress_none


GLOBAL SYMBOLS: SORTED ALPHABETICALLY BY Name 

address   name                    
-------   ----                    
00000965  C$$EXIT                 
00000a1d  GPIODirModeSet          
0000026d  GPIOPadConfigSet        
0000091d  GPIOPinConfigure        
00000aa5  GPIOPinTypeUART         
00000ac5  ResetISR                
UNDEFED   SHT$$INIT_ARRAY$$Base   
UNDEFED   SHT$$INIT_ARRAY$$Limit  
0000039d  SysCtlClockGet          
000004b5  SysCtlClockSet          
00000adb  SysCtlDelay             
000009e9  SysCtlPeripheralEnable  
00000ad1  UARTCharPut             
000009a9  UARTConfigSetExpClk     
00000a49  UARTDisable             
00000a7d  UARTEnable              
000005a5  UART_putStr             
20000200  __STACK_END             
00000200  __STACK_SIZE            
20000200  __STACK_TOP             
00000c00  __TI_CINIT_Base         
00000c08  __TI_CINIT_Limit        
00000bf8  __TI_Handler_Table_Base 
00000c00  __TI_Handler_Table_Limit
000007a9  __TI_auto_init          
20000208  __TI_cleanup_ptr        
00000ab7  __TI_decompress_none    
00000ae1  __TI_decompress_rle24   
2000020c  __TI_dtors_ptr          
00000000  __TI_static_base__      
0000072d  __aeabi_memclr          
0000072d  __aeabi_memclr4         
0000072d  __aeabi_memclr8         
00000691  __aeabi_memcpy          
00000691  __aeabi_memcpy4         
00000691  __aeabi_memcpy8         
0000072f  __aeabi_memset          
0000072f  __aeabi_memset4         
0000072f  __aeabi_memset8         
ffffffff  __binit__               
ffffffff  __c_args__              
20000000  __stack                 
00000a65  _args_main              
00000881  _c_int00                
20000200  _lock                   
00000a9f  _nop                    
00000a97  _register_lock          
00000a91  _register_unlock        
00000ae7  _system_pre_init        
20000204  _unlock                 
00000969  abort                   
ffffffff  binit                   
000008d1  copy_in                 
00000971  exit                    
00000000  g_pfnVectors            
000005c5  main                    
20000210  main_func_sp            
00000691  memcpy                  
00000735  memset                  


GLOBAL SYMBOLS: SORTED BY Symbol Address 

address   name                    
-------   ----                    
00000000  __TI_static_base__      
00000000  g_pfnVectors            
00000200  __STACK_SIZE            
0000026d  GPIOPadConfigSet        
0000039d  SysCtlClockGet          
000004b5  SysCtlClockSet          
000005a5  UART_putStr             
000005c5  main                    
00000691  __aeabi_memcpy          
00000691  __aeabi_memcpy4         
00000691  __aeabi_memcpy8         
00000691  memcpy                  
0000072d  __aeabi_memclr          
0000072d  __aeabi_memclr4         
0000072d  __aeabi_memclr8         
0000072f  __aeabi_memset          
0000072f  __aeabi_memset4         
0000072f  __aeabi_memset8         
00000735  memset                  
000007a9  __TI_auto_init          
00000881  _c_int00                
000008d1  copy_in                 
0000091d  GPIOPinConfigure        
00000965  C$$EXIT                 
00000969  abort                   
00000971  exit                    
000009a9  UARTConfigSetExpClk     
000009e9  SysCtlPeripheralEnable  
00000a1d  GPIODirModeSet          
00000a49  UARTDisable             
00000a65  _args_main              
00000a7d  UARTEnable              
00000a91  _register_unlock        
00000a97  _register_lock          
00000a9f  _nop                    
00000aa5  GPIOPinTypeUART         
00000ab7  __TI_decompress_none    
00000ac5  ResetISR                
00000ad1  UARTCharPut             
00000adb  SysCtlDelay             
00000ae1  __TI_decompress_rle24   
00000ae7  _system_pre_init        
00000bf8  __TI_Handler_Table_Base 
00000c00  __TI_CINIT_Base         
00000c00  __TI_Handler_Table_Limit
00000c08  __TI_CINIT_Limit        
20000000  __stack                 
20000200  __STACK_END             
20000200  __STACK_TOP             
20000200  _lock                   
20000204  _unlock                 
20000208  __TI_cleanup_ptr        
2000020c  __TI_dtors_ptr          
20000210  main_func_sp            
ffffffff  __binit__               
ffffffff  __c_args__              
ffffffff  binit                   
UNDEFED   SHT$$INIT_ARRAY$$Base   
UNDEFED   SHT$$INIT_ARRAY$$Limit  

[59 symbols]
