******************************************************************************
                  TI ARM Linker PC v5.2.6                      
******************************************************************************
>> Linked Sat Nov 21 07:51:29 2015

OUTPUT FILE NAME:   <PWM_TUT.out>
ENTRY POINT SYMBOL: "_c_int00"  address: 00000809


MEMORY CONFIGURATION

         name            origin    length      used     unused   attr    fill
----------------------  --------  ---------  --------  --------  ----  --------
  FLASH                 00000000   00040000  00000b34  0003f4cc  R  X
  SRAM                  20000000   00008000  00000218  00007de8  RW X


SEGMENT ALLOCATION MAP

run origin  load origin   length   init length attrs members
----------  ----------- ---------- ----------- ----- -------
00000000    00000000    00000b34   00000b34    r-x
  00000000    00000000    0000026c   0000026c    r-- .intvecs
  0000026c    0000026c    00000814   00000814    r-x .text
  00000a80    00000a80    00000090   00000090    r-- .const
  00000b10    00000b10    00000024   00000024    r-- .cinit
20000000    20000000    00000218   00000000    rw-
  20000000    20000000    00000200   00000000    rw- .stack
  20000200    20000200    00000018   00000000    rw- .data


SECTION ALLOCATION MAP

 output                                  attributes/
section   page    origin      length       input sections
--------  ----  ----------  ----------   ----------------
.intvecs   0    00000000    0000026c     
                  00000000    0000026c     tm4c123gh6pm_startup_ccs.obj (.intvecs)

.text      0    0000026c    00000814     
                  0000026c    0000018c     main.obj (.text)
                  000003f8    00000130     driverlib.lib : gpio.obj (.text:GPIOPadConfigSet)
                  00000528    000000f0                   : sysctl.obj (.text:SysCtlClockSet)
                  00000618    0000009c     rtsv7M4_T_le_v4SPD16_eabi.lib : memcpy_t2.obj (.text)
                  000006b4    0000007a                                   : memset_t2.obj (.text)
                  0000072e    00000002     --HOLE-- [fill = 0]
                  00000730    0000006c                                   : autoinit.obj (.text)
                  0000079c    0000006a                                   : copy_decompress_rle.obj (.text)
                  00000806    00000002     --HOLE-- [fill = 0]
                  00000808    00000050                                   : boot.obj (.text)
                  00000858    0000004c                                   : cpy_tbl.obj (.text)
                  000008a4    00000048     driverlib.lib : gpio.obj (.text:GPIOPinConfigure)
                  000008ec    00000044     rtsv7M4_T_le_v4SPD16_eabi.lib : exit.obj (.text)
                  00000930    00000034     driverlib.lib : sysctl.obj (.text:SysCtlPeripheralEnable)
                  00000964    0000002a                   : gpio.obj (.text:GPIODirModeSet)
                  0000098e    00000022                   : pwm.obj (.text:PWMGenConfigure)
                  000009b0    0000001e                   : pwm.obj (.text:PWMPulseWidthSet)
                  000009ce    00000002     --HOLE-- [fill = 0]
                  000009d0    00000018     rtsv7M4_T_le_v4SPD16_eabi.lib : args_main.obj (.text)
                  000009e8    00000014     driverlib.lib : sysctl.obj (.text:SysCtlPWMClockSet)
                  000009fc    00000014     rtsv7M4_T_le_v4SPD16_eabi.lib : _lock.obj (.text)
                  00000a10    00000012     driverlib.lib : gpio.obj (.text:GPIOPinTypePWM)
                  00000a22    00000012                   : pwm.obj (.text:PWMOutputState)
                  00000a34    00000010                   : pwm.obj (.text:PWMGenPeriodSet)
                  00000a44    0000000e     rtsv7M4_T_le_v4SPD16_eabi.lib : copy_decompress_none.obj (.text:decompress:none)
                  00000a52    0000000c     driverlib.lib : pwm.obj (.text:PWMGenEnable)
                  00000a5e    0000000c     tm4c123gh6pm_startup_ccs.obj (.text)
                  00000a6a    00000006     driverlib.lib : gpio.obj (.text:GPIOPinRead)
                  00000a70    00000006                   : sysctl.obj (.text:SysCtlDelay)
                  00000a76    00000006     rtsv7M4_T_le_v4SPD16_eabi.lib : copy_decompress_rle.obj (.text:decompress:rle24)
                  00000a7c    00000004                                   : pre_init.obj (.text)

.const     0    00000a80    00000090     
                  00000a80    00000090     driverlib.lib : gpio.obj (.const:g_pui32GPIOBaseAddrs)

.cinit     0    00000b10    00000024     
                  00000b10    00000014     (.cinit..data.load) [load image, compression = rle]
                  00000b24    00000008     (__TI_handler_table)
                  00000b2c    00000008     (__TI_cinit_table)

.init_array 
*          0    00000000    00000000     UNINITIALIZED

.stack     0    20000000    00000200     UNINITIALIZED
                  20000000    00000200     --HOLE--

.data      0    20000200    00000018     UNINITIALIZED
                  20000200    00000008     rtsv7M4_T_le_v4SPD16_eabi.lib : _lock.obj (.data)
                  20000208    00000008                                   : exit.obj (.data)
                  20000210    00000004     main.obj (.data)
                  20000214    00000004     rtsv7M4_T_le_v4SPD16_eabi.lib : stkdepth_vars.obj (.data)

.TI.persistent 
*          0    20000200    00000000     UNINITIALIZED


LINKER GENERATED COPY TABLES

__TI_cinit_table @ 00000b2c records: 1, size/record: 8, table size: 8
	.data: load addr=00000b10, load size=00000014 bytes, run addr=20000200, run size=00000018 bytes, compression=rle


LINKER GENERATED HANDLER TABLE

__TI_handler_table @ 00000b24 records: 2, size/record: 4, table size: 8
	index: 0, handler: __TI_decompress_rle24
	index: 1, handler: __TI_decompress_none


GLOBAL SYMBOLS: SORTED ALPHABETICALLY BY Name 

address   name                    
-------   ----                    
000002dd  ButtonInit              
000008ed  C$$EXIT                 
00000965  GPIODirModeSet          
000003f9  GPIOPadConfigSet        
000008a5  GPIOPinConfigure        
00000a6b  GPIOPinRead             
00000a11  GPIOPinTypePWM          
0000098f  PWMGenConfigure         
00000a53  PWMGenEnable            
00000a35  PWMGenPeriodSet         
00000a23  PWMOutputState          
000009b1  PWMPulseWidthSet        
0000030f  PwmInit                 
00000a5f  ResetISR                
UNDEFED   SHT$$INIT_ARRAY$$Base   
UNDEFED   SHT$$INIT_ARRAY$$Limit  
00000529  SysCtlClockSet          
00000a71  SysCtlDelay             
000009e9  SysCtlPWMClockSet       
00000931  SysCtlPeripheralEnable  
0000026d  Test_Servo              
20000210  Var                     
20000200  __STACK_END             
00000200  __STACK_SIZE            
20000200  __STACK_TOP             
00000b2c  __TI_CINIT_Base         
00000b34  __TI_CINIT_Limit        
00000b24  __TI_Handler_Table_Base 
00000b2c  __TI_Handler_Table_Limit
00000731  __TI_auto_init          
20000208  __TI_cleanup_ptr        
00000a45  __TI_decompress_none    
00000a77  __TI_decompress_rle24   
2000020c  __TI_dtors_ptr          
00000000  __TI_static_base__      
000006b5  __aeabi_memclr          
000006b5  __aeabi_memclr4         
000006b5  __aeabi_memclr8         
00000619  __aeabi_memcpy          
00000619  __aeabi_memcpy4         
00000619  __aeabi_memcpy8         
000006b7  __aeabi_memset          
000006b7  __aeabi_memset4         
000006b7  __aeabi_memset8         
ffffffff  __binit__               
ffffffff  __c_args__              
20000000  __stack                 
000009d1  _args_main              
00000809  _c_int00                
20000200  _lock                   
00000a0b  _nop                    
00000a03  _register_lock          
000009fd  _register_unlock        
00000a7d  _system_pre_init        
20000204  _unlock                 
000008f1  abort                   
ffffffff  binit                   
00000859  copy_in                 
000008f9  exit                    
00000000  g_pfnVectors            
0000037f  main                    
20000214  main_func_sp            
00000619  memcpy                  
000006bd  memset                  


GLOBAL SYMBOLS: SORTED BY Symbol Address 

address   name                    
-------   ----                    
00000000  __TI_static_base__      
00000000  g_pfnVectors            
00000200  __STACK_SIZE            
0000026d  Test_Servo              
000002dd  ButtonInit              
0000030f  PwmInit                 
0000037f  main                    
000003f9  GPIOPadConfigSet        
00000529  SysCtlClockSet          
00000619  __aeabi_memcpy          
00000619  __aeabi_memcpy4         
00000619  __aeabi_memcpy8         
00000619  memcpy                  
000006b5  __aeabi_memclr          
000006b5  __aeabi_memclr4         
000006b5  __aeabi_memclr8         
000006b7  __aeabi_memset          
000006b7  __aeabi_memset4         
000006b7  __aeabi_memset8         
000006bd  memset                  
00000731  __TI_auto_init          
00000809  _c_int00                
00000859  copy_in                 
000008a5  GPIOPinConfigure        
000008ed  C$$EXIT                 
000008f1  abort                   
000008f9  exit                    
00000931  SysCtlPeripheralEnable  
00000965  GPIODirModeSet          
0000098f  PWMGenConfigure         
000009b1  PWMPulseWidthSet        
000009d1  _args_main              
000009e9  SysCtlPWMClockSet       
000009fd  _register_unlock        
00000a03  _register_lock          
00000a0b  _nop                    
00000a11  GPIOPinTypePWM          
00000a23  PWMOutputState          
00000a35  PWMGenPeriodSet         
00000a45  __TI_decompress_none    
00000a53  PWMGenEnable            
00000a5f  ResetISR                
00000a6b  GPIOPinRead             
00000a71  SysCtlDelay             
00000a77  __TI_decompress_rle24   
00000a7d  _system_pre_init        
00000b24  __TI_Handler_Table_Base 
00000b2c  __TI_CINIT_Base         
00000b2c  __TI_Handler_Table_Limit
00000b34  __TI_CINIT_Limit        
20000000  __stack                 
20000200  __STACK_END             
20000200  __STACK_TOP             
20000200  _lock                   
20000204  _unlock                 
20000208  __TI_cleanup_ptr        
2000020c  __TI_dtors_ptr          
20000210  Var                     
20000214  main_func_sp            
ffffffff  __binit__               
ffffffff  __c_args__              
ffffffff  binit                   
UNDEFED   SHT$$INIT_ARRAY$$Base   
UNDEFED   SHT$$INIT_ARRAY$$Limit  

[64 symbols]
