******************************************************************************
                  TI ARM Linker PC v5.2.5                      
******************************************************************************
>> Linked Fri Sep 11 23:34:41 2015

OUTPUT FILE NAME:   <GPIO_TUT.out>
ENTRY POINT SYMBOL: "_c_int00"  address: 0000086d


MEMORY CONFIGURATION

         name            origin    length      used     unused   attr    fill
----------------------  --------  ---------  --------  --------  ----  --------
  FLASH                 00000000   00040000  00000a82  0003f57e  R  X
  SRAM                  20000000   00008000  00000216  00007dea  RW X


SEGMENT ALLOCATION MAP

run origin  load origin   length   init length attrs members
----------  ----------- ---------- ----------- ----- -------
00000000    00000000    00000a84   00000a84    r-x
  00000000    00000000    0000026c   0000026c    r-- .intvecs
  0000026c    0000026c    00000782   00000782    r-x .text
  000009f0    000009f0    00000070   00000070    r-- .const
  00000a60    00000a60    00000024   00000024    r-- .cinit
20000000    20000000    00000216   00000000    rw-
  20000000    20000000    00000200   00000000    rw- .stack
  20000200    20000200    00000016   00000000    rw- .data


SECTION ALLOCATION MAP

 output                                  attributes/
section   page    origin      length       input sections
--------  ----  ----------  ----------   ----------------
.intvecs   0    00000000    0000026c     
                  00000000    0000026c     tm4c123gh6pm_startup_ccs.obj (.intvecs)

.text      0    0000026c    00000782     
                  0000026c    00000138     main.obj (.text)
                  000003a4    00000130     driverlib.lib : gpio.obj (.text:GPIOPadConfigSet)
                  000004d4    000000f0                   : sysctl.obj (.text:SysCtlClockSet)
                  000005c4    0000009c     rtsv7M4_T_le_v4SPD16_eabi.lib : memcpy_t2.obj (.text)
                  00000660    0000007a                                   : memset_t2.obj (.text)
                  000006da    00000002     --HOLE-- [fill = 0]
                  000006dc    0000006c                                   : autoinit.obj (.text)
                  00000748    0000006a                                   : copy_decompress_rle.obj (.text)
                  000007b2    00000002     --HOLE-- [fill = 0]
                  000007b4    00000060     driverlib.lib : interrupt.obj (.text:IntEnable)
                  00000814    00000056                   : gpio.obj (.text:GPIOIntTypeSet)
                  0000086a    00000002     --HOLE-- [fill = 0]
                  0000086c    00000050     rtsv7M4_T_le_v4SPD16_eabi.lib : boot.obj (.text)
                  000008bc    0000004c                                   : cpy_tbl.obj (.text)
                  00000908    00000044                                   : exit.obj (.text)
                  0000094c    0000002a     driverlib.lib : gpio.obj (.text:GPIODirModeSet)
                  00000976    00000002     --HOLE-- [fill = 0]
                  00000978    00000018     rtsv7M4_T_le_v4SPD16_eabi.lib : args_main.obj (.text)
                  00000990    00000014                                   : _lock.obj (.text)
                  000009a4    0000000e     driverlib.lib : gpio.obj (.text:GPIOIntStatus)
                  000009b2    0000000e     rtsv7M4_T_le_v4SPD16_eabi.lib : copy_decompress_none.obj (.text:decompress:none)
                  000009c0    0000000c     driverlib.lib : gpio.obj (.text:GPIOIntEnable)
                  000009cc    0000000c     tm4c123gh6pm_startup_ccs.obj (.text)
                  000009d8    00000006     driverlib.lib : gpio.obj (.text:GPIOIntClear)
                  000009de    00000006                   : sysctl.obj (.text:SysCtlDelay)
                  000009e4    00000006     rtsv7M4_T_le_v4SPD16_eabi.lib : copy_decompress_rle.obj (.text:decompress:rle24)
                  000009ea    00000004                                   : pre_init.obj (.text)

.const     0    000009f0    00000070     
                  000009f0    00000070     driverlib.lib : interrupt.obj (.const)

.cinit     0    00000a60    00000024     
                  00000a60    00000011     (.cinit..data.load) [load image, compression = rle]
                  00000a71    00000003     --HOLE-- [fill = 0]
                  00000a74    00000008     (__TI_handler_table)
                  00000a7c    00000008     (__TI_cinit_table)

.init_array 
*          0    00000000    00000000     UNINITIALIZED

.stack     0    20000000    00000200     UNINITIALIZED
                  20000000    00000200     --HOLE--

.data      0    20000200    00000016     UNINITIALIZED
                  20000200    00000008     rtsv7M4_T_le_v4SPD16_eabi.lib : _lock.obj (.data)
                  20000208    00000008                                   : exit.obj (.data)
                  20000210    00000004                                   : stkdepth_vars.obj (.data)
                  20000214    00000002     main.obj (.data)

.TI.persistent 
*          0    20000200    00000000     UNINITIALIZED


LINKER GENERATED COPY TABLES

__TI_cinit_table @ 00000a7c records: 1, size/record: 8, table size: 8
	.data: load addr=00000a60, load size=00000011 bytes, run addr=20000200, run size=00000016 bytes, compression=rle


LINKER GENERATED HANDLER TABLE

__TI_handler_table @ 00000a74 records: 2, size/record: 4, table size: 8
	index: 0, handler: __TI_decompress_rle24
	index: 1, handler: __TI_decompress_none


GLOBAL SYMBOLS: SORTED ALPHABETICALLY BY Name 

address   name                    
-------   ----                    
00000909  C$$EXIT                 
0000094d  GPIODirModeSet          
000009d9  GPIOIntClear            
000009c1  GPIOIntEnable           
000009a5  GPIOIntStatus           
00000815  GPIOIntTypeSet          
000003a5  GPIOPadConfigSet        
000007b5  IntEnable               
0000026d  PFIntHandler            
000009cd  ResetISR                
UNDEFED   SHT$$INIT_ARRAY$$Base   
UNDEFED   SHT$$INIT_ARRAY$$Limit  
000004d5  SysCtlClockSet          
000009df  SysCtlDelay             
20000200  __STACK_END             
00000200  __STACK_SIZE            
20000200  __STACK_TOP             
00000a7c  __TI_CINIT_Base         
00000a84  __TI_CINIT_Limit        
00000a74  __TI_Handler_Table_Base 
00000a7c  __TI_Handler_Table_Limit
000006dd  __TI_auto_init          
20000208  __TI_cleanup_ptr        
000009b3  __TI_decompress_none    
000009e5  __TI_decompress_rle24   
2000020c  __TI_dtors_ptr          
00000000  __TI_static_base__      
00000661  __aeabi_memclr          
00000661  __aeabi_memclr4         
00000661  __aeabi_memclr8         
000005c5  __aeabi_memcpy          
000005c5  __aeabi_memcpy4         
000005c5  __aeabi_memcpy8         
00000663  __aeabi_memset          
00000663  __aeabi_memset4         
00000663  __aeabi_memset8         
ffffffff  __binit__               
ffffffff  __c_args__              
20000000  __stack                 
00000979  _args_main              
0000086d  _c_int00                
20000200  _lock                   
0000099f  _nop                    
00000997  _register_lock          
00000991  _register_unlock        
000009eb  _system_pre_init        
20000204  _unlock                 
0000090d  abort                   
ffffffff  binit                   
000008bd  copy_in                 
00000915  exit                    
20000215  f_blink                 
00000000  g_pfnVectors            
000002c3  main                    
20000210  main_func_sp            
000005c5  memcpy                  
00000669  memset                  
20000214  var                     


GLOBAL SYMBOLS: SORTED BY Symbol Address 

address   name                    
-------   ----                    
00000000  __TI_static_base__      
00000000  g_pfnVectors            
00000200  __STACK_SIZE            
0000026d  PFIntHandler            
000002c3  main                    
000003a5  GPIOPadConfigSet        
000004d5  SysCtlClockSet          
000005c5  __aeabi_memcpy          
000005c5  __aeabi_memcpy4         
000005c5  __aeabi_memcpy8         
000005c5  memcpy                  
00000661  __aeabi_memclr          
00000661  __aeabi_memclr4         
00000661  __aeabi_memclr8         
00000663  __aeabi_memset          
00000663  __aeabi_memset4         
00000663  __aeabi_memset8         
00000669  memset                  
000006dd  __TI_auto_init          
000007b5  IntEnable               
00000815  GPIOIntTypeSet          
0000086d  _c_int00                
000008bd  copy_in                 
00000909  C$$EXIT                 
0000090d  abort                   
00000915  exit                    
0000094d  GPIODirModeSet          
00000979  _args_main              
00000991  _register_unlock        
00000997  _register_lock          
0000099f  _nop                    
000009a5  GPIOIntStatus           
000009b3  __TI_decompress_none    
000009c1  GPIOIntEnable           
000009cd  ResetISR                
000009d9  GPIOIntClear            
000009df  SysCtlDelay             
000009e5  __TI_decompress_rle24   
000009eb  _system_pre_init        
00000a74  __TI_Handler_Table_Base 
00000a7c  __TI_CINIT_Base         
00000a7c  __TI_Handler_Table_Limit
00000a84  __TI_CINIT_Limit        
20000000  __stack                 
20000200  __STACK_END             
20000200  __STACK_TOP             
20000200  _lock                   
20000204  _unlock                 
20000208  __TI_cleanup_ptr        
2000020c  __TI_dtors_ptr          
20000210  main_func_sp            
20000214  var                     
20000215  f_blink                 
ffffffff  __binit__               
ffffffff  __c_args__              
ffffffff  binit                   
UNDEFED   SHT$$INIT_ARRAY$$Base   
UNDEFED   SHT$$INIT_ARRAY$$Limit  

[58 symbols]
