******************************************************************************
                  TI ARM Linker PC v5.2.5                      
******************************************************************************
>> Linked Sat Sep 05 18:02:02 2015

OUTPUT FILE NAME:   <GPIO_TUT.out>
ENTRY POINT SYMBOL: "_c_int00"  address: 0000067d


MEMORY CONFIGURATION

         name            origin    length      used     unused   attr    fill
----------------------  --------  ---------  --------  --------  ----  --------
  FLASH                 00000000   00040000  00000898  0003f768  R  X
  SRAM                  20000000   00008000  00000214  00007dec  RW X


SEGMENT ALLOCATION MAP

run origin  load origin   length   init length attrs members
----------  ----------- ---------- ----------- ----- -------
00000000    00000000    00000898   00000898    r-x
  00000000    00000000    0000026c   0000026c    r-- .intvecs
  0000026c    0000026c    0000060c   0000060c    r-x .text
  00000878    00000878    00000020   00000020    r-- .cinit
20000000    20000000    00000214   00000000    rw-
  20000000    20000000    00000200   00000000    rw- .stack
  20000200    20000200    00000014   00000000    rw- .data


SECTION ALLOCATION MAP

 output                                  attributes/
section   page    origin      length       input sections
--------  ----  ----------  ----------   ----------------
.intvecs   0    00000000    0000026c     
                  00000000    0000026c     tm4c123gh6pm_startup_ccs.obj (.intvecs)

.text      0    0000026c    0000060c     
                  0000026c    00000130     driverlib.lib : gpio.obj (.text:GPIOPadConfigSet)
                  0000039c    000000f0                   : sysctl.obj (.text:SysCtlClockSet)
                  0000048c    0000009c     rtsv7M4_T_le_v4SPD16_eabi.lib : memcpy_t2.obj (.text)
                  00000528    0000007a                                   : memset_t2.obj (.text)
                  000005a2    00000002     --HOLE-- [fill = 0]
                  000005a4    0000006c                                   : autoinit.obj (.text)
                  00000610    0000006a                                   : copy_decompress_rle.obj (.text)
                  0000067a    00000002     --HOLE-- [fill = 0]
                  0000067c    00000050                                   : boot.obj (.text)
                  000006cc    0000004c                                   : cpy_tbl.obj (.text)
                  00000718    00000048     main.obj (.text)
                  00000760    00000044     rtsv7M4_T_le_v4SPD16_eabi.lib : exit.obj (.text)
                  000007a4    00000034     driverlib.lib : sysctl.obj (.text:SysCtlPeripheralEnable)
                  000007d8    0000002a                   : gpio.obj (.text:GPIODirModeSet)
                  00000802    00000018                   : gpio.obj (.text:GPIOPinTypeGPIOOutput)
                  0000081a    00000002     --HOLE-- [fill = 0]
                  0000081c    00000018     rtsv7M4_T_le_v4SPD16_eabi.lib : args_main.obj (.text)
                  00000834    00000014                                   : _lock.obj (.text)
                  00000848    0000000e                                   : copy_decompress_none.obj (.text:decompress:none)
                  00000856    0000000c     tm4c123gh6pm_startup_ccs.obj (.text)
                  00000862    00000006     driverlib.lib : gpio.obj (.text:GPIOPinWrite)
                  00000868    00000006                   : sysctl.obj (.text:SysCtlDelay)
                  0000086e    00000006     rtsv7M4_T_le_v4SPD16_eabi.lib : copy_decompress_rle.obj (.text:decompress:rle24)
                  00000874    00000004                                   : pre_init.obj (.text)

.cinit     0    00000878    00000020     
                  00000878    0000000f     (.cinit..data.load) [load image, compression = rle]
                  00000887    00000001     --HOLE-- [fill = 0]
                  00000888    00000008     (__TI_handler_table)
                  00000890    00000008     (__TI_cinit_table)

.init_array 
*          0    00000000    00000000     UNINITIALIZED

.stack     0    20000000    00000200     UNINITIALIZED
                  20000000    00000200     --HOLE--

.data      0    20000200    00000014     UNINITIALIZED
                  20000200    00000008     rtsv7M4_T_le_v4SPD16_eabi.lib : _lock.obj (.data)
                  20000208    00000008                                   : exit.obj (.data)
                  20000210    00000004                                   : stkdepth_vars.obj (.data)

.TI.persistent 
*          0    20000200    00000000     UNINITIALIZED


LINKER GENERATED COPY TABLES

__TI_cinit_table @ 00000890 records: 1, size/record: 8, table size: 8
	.data: load addr=00000878, load size=0000000f bytes, run addr=20000200, run size=00000014 bytes, compression=rle


LINKER GENERATED HANDLER TABLE

__TI_handler_table @ 00000888 records: 2, size/record: 4, table size: 8
	index: 0, handler: __TI_decompress_rle24
	index: 1, handler: __TI_decompress_none


GLOBAL SYMBOLS: SORTED ALPHABETICALLY BY Name 

address   name                    
-------   ----                    
00000761  C$$EXIT                 
000007d9  GPIODirModeSet          
0000026d  GPIOPadConfigSet        
00000803  GPIOPinTypeGPIOOutput   
00000863  GPIOPinWrite            
00000857  ResetISR                
UNDEFED   SHT$$INIT_ARRAY$$Base   
UNDEFED   SHT$$INIT_ARRAY$$Limit  
0000039d  SysCtlClockSet          
00000869  SysCtlDelay             
000007a5  SysCtlPeripheralEnable  
20000200  __STACK_END             
00000200  __STACK_SIZE            
20000200  __STACK_TOP             
00000890  __TI_CINIT_Base         
00000898  __TI_CINIT_Limit        
00000888  __TI_Handler_Table_Base 
00000890  __TI_Handler_Table_Limit
000005a5  __TI_auto_init          
20000208  __TI_cleanup_ptr        
00000849  __TI_decompress_none    
0000086f  __TI_decompress_rle24   
2000020c  __TI_dtors_ptr          
00000000  __TI_static_base__      
00000529  __aeabi_memclr          
00000529  __aeabi_memclr4         
00000529  __aeabi_memclr8         
0000048d  __aeabi_memcpy          
0000048d  __aeabi_memcpy4         
0000048d  __aeabi_memcpy8         
0000052b  __aeabi_memset          
0000052b  __aeabi_memset4         
0000052b  __aeabi_memset8         
ffffffff  __binit__               
ffffffff  __c_args__              
20000000  __stack                 
0000081d  _args_main              
0000067d  _c_int00                
20000200  _lock                   
00000843  _nop                    
0000083b  _register_lock          
00000835  _register_unlock        
00000875  _system_pre_init        
20000204  _unlock                 
00000765  abort                   
ffffffff  binit                   
000006cd  copy_in                 
0000076d  exit                    
00000000  g_pfnVectors            
00000719  main                    
20000210  main_func_sp            
0000048d  memcpy                  
00000531  memset                  


GLOBAL SYMBOLS: SORTED BY Symbol Address 

address   name                    
-------   ----                    
00000000  __TI_static_base__      
00000000  g_pfnVectors            
00000200  __STACK_SIZE            
0000026d  GPIOPadConfigSet        
0000039d  SysCtlClockSet          
0000048d  __aeabi_memcpy          
0000048d  __aeabi_memcpy4         
0000048d  __aeabi_memcpy8         
0000048d  memcpy                  
00000529  __aeabi_memclr          
00000529  __aeabi_memclr4         
00000529  __aeabi_memclr8         
0000052b  __aeabi_memset          
0000052b  __aeabi_memset4         
0000052b  __aeabi_memset8         
00000531  memset                  
000005a5  __TI_auto_init          
0000067d  _c_int00                
000006cd  copy_in                 
00000719  main                    
00000761  C$$EXIT                 
00000765  abort                   
0000076d  exit                    
000007a5  SysCtlPeripheralEnable  
000007d9  GPIODirModeSet          
00000803  GPIOPinTypeGPIOOutput   
0000081d  _args_main              
00000835  _register_unlock        
0000083b  _register_lock          
00000843  _nop                    
00000849  __TI_decompress_none    
00000857  ResetISR                
00000863  GPIOPinWrite            
00000869  SysCtlDelay             
0000086f  __TI_decompress_rle24   
00000875  _system_pre_init        
00000888  __TI_Handler_Table_Base 
00000890  __TI_CINIT_Base         
00000890  __TI_Handler_Table_Limit
00000898  __TI_CINIT_Limit        
20000000  __stack                 
20000200  __STACK_END             
20000200  __STACK_TOP             
20000200  _lock                   
20000204  _unlock                 
20000208  __TI_cleanup_ptr        
2000020c  __TI_dtors_ptr          
20000210  main_func_sp            
ffffffff  __binit__               
ffffffff  __c_args__              
ffffffff  binit                   
UNDEFED   SHT$$INIT_ARRAY$$Base   
UNDEFED   SHT$$INIT_ARRAY$$Limit  

[53 symbols]
