******************************************************************************
                  TI ARM Linker PC v5.2.5                      
******************************************************************************
>> Linked Fri Oct 09 23:40:37 2015

OUTPUT FILE NAME:   <ADC_TUT.out>
ENTRY POINT SYMBOL: "_c_int00"  address: 00000d59


MEMORY CONFIGURATION

         name            origin    length      used     unused   attr    fill
----------------------  --------  ---------  --------  --------  ----  --------
  FLASH                 00000000   00040000  0000112a  0003eed6  R  X
  SRAM                  20000000   00008000  0000022c  00007dd4  RW X


SEGMENT ALLOCATION MAP

run origin  load origin   length   init length attrs members
----------  ----------- ---------- ----------- ----- -------
00000000    00000000    00001130   00001130    r-x
  00000000    00000000    0000026c   0000026c    r-- .intvecs
  0000026c    0000026c    00000dc8   00000dc8    r-x .text
  00001034    00001034    000000be   000000be    r-- .const
  000010f8    000010f8    00000038   00000038    r-- .cinit
20000000    20000000    0000022c   00000000    rw-
  20000000    20000000    00000200   00000000    rw- .stack
  20000200    20000200    0000001c   00000000    rw- .data
  2000021c    2000021c    00000010   00000000    rw- .bss


SECTION ALLOCATION MAP

 output                                  attributes/
section   page    origin      length       input sections
--------  ----  ----------  ----------   ----------------
.intvecs   0    00000000    0000026c     
                  00000000    0000026c     tm4c123gh6pm_startup_ccs.obj (.intvecs)

.text      0    0000026c    00000dc8     
                  0000026c    000004dc     uartstdio.obj (.text)
                  00000748    00000180     main.obj (.text)
                  000008c8    00000130     driverlib.lib : gpio.obj (.text:GPIOPadConfigSet)
                  000009f8    000000f0                   : sysctl.obj (.text:SysCtlClockSet)
                  00000ae8    0000009c     rtsv7M4_T_le_v4SPD16_eabi.lib : memcpy_t2.obj (.text)
                  00000b84    00000080     driverlib.lib : adc.obj (.text:ADCSequenceStepConfigure)
                  00000c04    0000007a     rtsv7M4_T_le_v4SPD16_eabi.lib : memset_t2.obj (.text)
                  00000c7e    00000002                                   : i_div0.obj (.text)
                  00000c80    0000006c                                   : autoinit.obj (.text)
                  00000cec    0000006a                                   : copy_decompress_rle.obj (.text)
                  00000d56    00000002     --HOLE-- [fill = 0]
                  00000d58    00000050                                   : boot.obj (.text)
                  00000da8    0000004c                                   : cpy_tbl.obj (.text)
                  00000df4    00000048     driverlib.lib : gpio.obj (.text:GPIOPinConfigure)
                  00000e3c    00000044     rtsv7M4_T_le_v4SPD16_eabi.lib : exit.obj (.text)
                  00000e80    00000040                                   : u_divt2.obj (.text)
                  00000ec0    0000003e     driverlib.lib : adc.obj (.text:ADCSequenceConfigure)
                  00000efe    00000002     --HOLE-- [fill = 0]
                  00000f00    00000034                   : sysctl.obj (.text:SysCtlPeripheralEnable)
                  00000f34    0000002a                   : gpio.obj (.text:GPIODirModeSet)
                  00000f5e    0000001e                   : adc.obj (.text:ADCSequenceDataGet)
                  00000f7c    00000018     rtsv7M4_T_le_v4SPD16_eabi.lib : args_main.obj (.text)
                  00000f94    00000016     driverlib.lib : adc.obj (.text:ADCProcessorTrigger)
                  00000faa    00000002     --HOLE-- [fill = 0]
                  00000fac    00000014     rtsv7M4_T_le_v4SPD16_eabi.lib : _lock.obj (.text)
                  00000fc0    00000012     driverlib.lib : gpio.obj (.text:GPIOPinTypeUART)
                  00000fd2    0000000e                   : adc.obj (.text:ADCSequenceDisable)
                  00000fe0    0000000e                   : adc.obj (.text:ADCSequenceEnable)
                  00000fee    0000000e     rtsv7M4_T_le_v4SPD16_eabi.lib : copy_decompress_none.obj (.text:decompress:none)
                  00000ffc    0000000c                                   : copy_zero_init.obj (.text:decompress:ZI)
                  00001008    0000000c     tm4c123gh6pm_startup_ccs.obj (.text)
                  00001014    0000000a     driverlib.lib : adc.obj (.text:ADCIntClear)
                  0000101e    00000006                   : sysctl.obj (.text:SysCtlDelay)
                  00001024    00000006                   : uart.obj (.text:UARTClockSourceSet)
                  0000102a    00000006     rtsv7M4_T_le_v4SPD16_eabi.lib : copy_decompress_rle.obj (.text:decompress:rle24)
                  00001030    00000004                                   : pre_init.obj (.text)

.const     0    00001034    000000be     
                  00001034    00000090     driverlib.lib : gpio.obj (.const:g_pui32GPIOBaseAddrs)
                  000010c4    0000001c     uartstdio.obj (.const)
                  000010e0    00000012     uartstdio.obj (.const:.string)

.cinit     0    000010f8    00000038     
                  000010f8    0000000f     (.cinit..data.load) [load image, compression = rle]
                  00001107    00000001     --HOLE-- [fill = 0]
                  00001108    0000000c     (__TI_handler_table)
                  00001114    00000004     --HOLE-- [fill = 0]
                  00001118    00000008     (.cinit..bss.load) [load image, compression = zero_init]
                  00001120    00000010     (__TI_cinit_table)

.init_array 
*          0    00000000    00000000     UNINITIALIZED

.stack     0    20000000    00000200     UNINITIALIZED
                  20000000    00000200     --HOLE--

.data      0    20000200    0000001c     UNINITIALIZED
                  20000200    00000008     rtsv7M4_T_le_v4SPD16_eabi.lib : _lock.obj (.data)
                  20000208    00000008                                   : exit.obj (.data)
                  20000210    00000005     uartstdio.obj (.data)
                  20000215    00000003     --HOLE--
                  20000218    00000004     rtsv7M4_T_le_v4SPD16_eabi.lib : stkdepth_vars.obj (.data)

.bss       0    2000021c    00000010     UNINITIALIZED
                  2000021c    00000010     (.common:ADC_value)

.TI.persistent 
*          0    20000200    00000000     UNINITIALIZED

.TI.noinit 
*          0    2000021c    00000000     UNINITIALIZED


LINKER GENERATED COPY TABLES

__TI_cinit_table @ 00001120 records: 2, size/record: 8, table size: 16
	.data: load addr=000010f8, load size=0000000f bytes, run addr=20000200, run size=0000001c bytes, compression=rle
	.bss: load addr=00001118, load size=00000008 bytes, run addr=2000021c, run size=00000010 bytes, compression=zero_init


LINKER GENERATED HANDLER TABLE

__TI_handler_table @ 00001108 records: 3, size/record: 4, table size: 12
	index: 0, handler: __TI_decompress_rle24
	index: 1, handler: __TI_decompress_none
	index: 2, handler: __TI_zero_init


GLOBAL SYMBOLS: SORTED ALPHABETICALLY BY Name 

address   name                    
-------   ----                    
00001015  ADCIntClear             
00000f95  ADCProcessorTrigger     
00000ec1  ADCSequenceConfigure    
00000f5f  ADCSequenceDataGet      
00000fd3  ADCSequenceDisable      
00000fe1  ADCSequenceEnable       
00000b85  ADCSequenceStepConfigure
00000749  ADC_getVal              
2000021c  ADC_value               
00000e3d  C$$EXIT                 
00000f35  GPIODirModeSet          
000008c9  GPIOPadConfigSet        
00000df5  GPIOPinConfigure        
00000fc1  GPIOPinTypeUART         
00001009  ResetISR                
UNDEFED   SHT$$INIT_ARRAY$$Base   
UNDEFED   SHT$$INIT_ARRAY$$Limit  
000009f9  SysCtlClockSet          
0000101f  SysCtlDelay             
00000f01  SysCtlPeripheralEnable  
00001025  UARTClockSourceSet      
0000026d  UARTStdioConfig         
000003e5  UARTgetc                
0000031f  UARTgets                
00000713  UARTprintf              
00000419  UARTvprintf             
000002cd  UARTwrite               
20000200  __STACK_END             
00000200  __STACK_SIZE            
20000200  __STACK_TOP             
00001120  __TI_CINIT_Base         
00001130  __TI_CINIT_Limit        
00001108  __TI_Handler_Table_Base 
00001114  __TI_Handler_Table_Limit
00000c81  __TI_auto_init          
20000208  __TI_cleanup_ptr        
00000fef  __TI_decompress_none    
0000102b  __TI_decompress_rle24   
2000020c  __TI_dtors_ptr          
00000000  __TI_static_base__      
00000ffd  __TI_zero_init          
00000c7f  __aeabi_idiv0           
00000c05  __aeabi_memclr          
00000c05  __aeabi_memclr4         
00000c05  __aeabi_memclr8         
00000ae9  __aeabi_memcpy          
00000ae9  __aeabi_memcpy4         
00000ae9  __aeabi_memcpy8         
00000c07  __aeabi_memset          
00000c07  __aeabi_memset4         
00000c07  __aeabi_memset8         
00000e81  __aeabi_uidiv           
00000e81  __aeabi_uidivmod        
ffffffff  __binit__               
ffffffff  __c_args__              
20000000  __stack                 
00000f7d  _args_main              
00000d59  _c_int00                
20000200  _lock                   
00000fbb  _nop                    
00000fb3  _register_lock          
00000fad  _register_unlock        
00001031  _system_pre_init        
20000204  _unlock                 
00000e41  abort                   
ffffffff  binit                   
00000da9  copy_in                 
00000e49  exit                    
00000000  g_pfnVectors            
000007b9  main                    
20000218  main_func_sp            
00000ae9  memcpy                  
00000c0d  memset                  


GLOBAL SYMBOLS: SORTED BY Symbol Address 

address   name                    
-------   ----                    
00000000  __TI_static_base__      
00000000  g_pfnVectors            
00000200  __STACK_SIZE            
0000026d  UARTStdioConfig         
000002cd  UARTwrite               
0000031f  UARTgets                
000003e5  UARTgetc                
00000419  UARTvprintf             
00000713  UARTprintf              
00000749  ADC_getVal              
000007b9  main                    
000008c9  GPIOPadConfigSet        
000009f9  SysCtlClockSet          
00000ae9  __aeabi_memcpy          
00000ae9  __aeabi_memcpy4         
00000ae9  __aeabi_memcpy8         
00000ae9  memcpy                  
00000b85  ADCSequenceStepConfigure
00000c05  __aeabi_memclr          
00000c05  __aeabi_memclr4         
00000c05  __aeabi_memclr8         
00000c07  __aeabi_memset          
00000c07  __aeabi_memset4         
00000c07  __aeabi_memset8         
00000c0d  memset                  
00000c7f  __aeabi_idiv0           
00000c81  __TI_auto_init          
00000d59  _c_int00                
00000da9  copy_in                 
00000df5  GPIOPinConfigure        
00000e3d  C$$EXIT                 
00000e41  abort                   
00000e49  exit                    
00000e81  __aeabi_uidiv           
00000e81  __aeabi_uidivmod        
00000ec1  ADCSequenceConfigure    
00000f01  SysCtlPeripheralEnable  
00000f35  GPIODirModeSet          
00000f5f  ADCSequenceDataGet      
00000f7d  _args_main              
00000f95  ADCProcessorTrigger     
00000fad  _register_unlock        
00000fb3  _register_lock          
00000fbb  _nop                    
00000fc1  GPIOPinTypeUART         
00000fd3  ADCSequenceDisable      
00000fe1  ADCSequenceEnable       
00000fef  __TI_decompress_none    
00000ffd  __TI_zero_init          
00001009  ResetISR                
00001015  ADCIntClear             
0000101f  SysCtlDelay             
00001025  UARTClockSourceSet      
0000102b  __TI_decompress_rle24   
00001031  _system_pre_init        
00001108  __TI_Handler_Table_Base 
00001114  __TI_Handler_Table_Limit
00001120  __TI_CINIT_Base         
00001130  __TI_CINIT_Limit        
20000000  __stack                 
20000200  __STACK_END             
20000200  __STACK_TOP             
20000200  _lock                   
20000204  _unlock                 
20000208  __TI_cleanup_ptr        
2000020c  __TI_dtors_ptr          
20000218  main_func_sp            
2000021c  ADC_value               
ffffffff  __binit__               
ffffffff  __c_args__              
ffffffff  binit                   
UNDEFED   SHT$$INIT_ARRAY$$Base   
UNDEFED   SHT$$INIT_ARRAY$$Limit  

[73 symbols]
