******************************************************************************
                  TI ARM Linker PC v5.2.5                      
******************************************************************************
>> Linked Sun Nov 08 22:53:16 2015

OUTPUT FILE NAME:   <ADC_TUT.out>
ENTRY POINT SYMBOL: "_c_int00"  address: 00000d55


MEMORY CONFIGURATION

         name            origin    length      used     unused   attr    fill
----------------------  --------  ---------  --------  --------  ----  --------
  FLASH                 00000000   00040000  00001126  0003eeda  R  X
  SRAM                  20000000   00008000  0000022c  00007dd4  RW X


SEGMENT ALLOCATION MAP

run origin  load origin   length   init length attrs members
----------  ----------- ---------- ----------- ----- -------
00000000    00000000    00001128   00001128    r-x
  00000000    00000000    0000026c   0000026c    r-- .intvecs
  0000026c    0000026c    00000dc4   00000dc4    r-x .text
  00001030    00001030    000000be   000000be    r-- .const
  000010f0    000010f0    00000038   00000038    r-- .cinit
20000000    20000000    0000022c   00000000    rw-
  20000000    20000000    00000200   00000000    rw- .stack
  20000200    20000200    0000001c   00000000    rw- .data
  2000021c    2000021c    00000010   00000000    rw- .bss


SECTION ALLOCATION MAP

 output                                  attributes/
section   page    origin      length       input sections
--------  ----  ----------  ----------   ----------------
.intvecs   0    00000000    0000026c     
                  00000000    0000026c     tm4c123gh6pm_startup_ccs.obj (.intvecs)

.text      0    0000026c    00000dc4     
                  0000026c    000004dc     uartstdio.obj (.text)
                  00000748    0000017c     main.obj (.text)
                  000008c4    00000130     driverlib.lib : gpio.obj (.text:GPIOPadConfigSet)
                  000009f4    000000f0                   : sysctl.obj (.text:SysCtlClockSet)
                  00000ae4    0000009c     rtsv7M4_T_le_v4SPD16_eabi.lib : memcpy_t2.obj (.text)
                  00000b80    00000080     driverlib.lib : adc.obj (.text:ADCSequenceStepConfigure)
                  00000c00    0000007a     rtsv7M4_T_le_v4SPD16_eabi.lib : memset_t2.obj (.text)
                  00000c7a    00000002                                   : i_div0.obj (.text)
                  00000c7c    0000006c                                   : autoinit.obj (.text)
                  00000ce8    0000006a                                   : copy_decompress_rle.obj (.text)
                  00000d52    00000002     --HOLE-- [fill = 0]
                  00000d54    00000050                                   : boot.obj (.text)
                  00000da4    0000004c                                   : cpy_tbl.obj (.text)
                  00000df0    00000048     driverlib.lib : gpio.obj (.text:GPIOPinConfigure)
                  00000e38    00000044     rtsv7M4_T_le_v4SPD16_eabi.lib : exit.obj (.text)
                  00000e7c    00000040                                   : u_divt2.obj (.text)
                  00000ebc    0000003e     driverlib.lib : adc.obj (.text:ADCSequenceConfigure)
                  00000efa    00000002     --HOLE-- [fill = 0]
                  00000efc    00000034                   : sysctl.obj (.text:SysCtlPeripheralEnable)
                  00000f30    0000002a                   : gpio.obj (.text:GPIODirModeSet)
                  00000f5a    0000001e                   : adc.obj (.text:ADCSequenceDataGet)
                  00000f78    00000018     rtsv7M4_T_le_v4SPD16_eabi.lib : args_main.obj (.text)
                  00000f90    00000016     driverlib.lib : adc.obj (.text:ADCProcessorTrigger)
                  00000fa6    00000002     --HOLE-- [fill = 0]
                  00000fa8    00000014     rtsv7M4_T_le_v4SPD16_eabi.lib : _lock.obj (.text)
                  00000fbc    00000012     driverlib.lib : gpio.obj (.text:GPIOPinTypeUART)
                  00000fce    0000000e                   : adc.obj (.text:ADCSequenceDisable)
                  00000fdc    0000000e                   : adc.obj (.text:ADCSequenceEnable)
                  00000fea    0000000e     rtsv7M4_T_le_v4SPD16_eabi.lib : copy_decompress_none.obj (.text:decompress:none)
                  00000ff8    0000000c                                   : copy_zero_init.obj (.text:decompress:ZI)
                  00001004    0000000c     tm4c123gh6pm_startup_ccs.obj (.text)
                  00001010    0000000a     driverlib.lib : adc.obj (.text:ADCIntClear)
                  0000101a    00000006                   : sysctl.obj (.text:SysCtlDelay)
                  00001020    00000006                   : uart.obj (.text:UARTClockSourceSet)
                  00001026    00000006     rtsv7M4_T_le_v4SPD16_eabi.lib : copy_decompress_rle.obj (.text:decompress:rle24)
                  0000102c    00000004                                   : pre_init.obj (.text)

.const     0    00001030    000000be     
                  00001030    00000090     driverlib.lib : gpio.obj (.const:g_pui32GPIOBaseAddrs)
                  000010c0    0000001c     uartstdio.obj (.const)
                  000010dc    00000012     uartstdio.obj (.const:.string)

.cinit     0    000010f0    00000038     
                  000010f0    0000000f     (.cinit..data.load) [load image, compression = rle]
                  000010ff    00000001     --HOLE-- [fill = 0]
                  00001100    0000000c     (__TI_handler_table)
                  0000110c    00000004     --HOLE-- [fill = 0]
                  00001110    00000008     (.cinit..bss.load) [load image, compression = zero_init]
                  00001118    00000010     (__TI_cinit_table)

.init_array 
*          0    00000000    00000000     UNINITIALIZED

.stack     0    20000000    00000200     UNINITIALIZED
                  20000000    00000200     --HOLE--

.data      0    20000200    0000001c     UNINITIALIZED
                  20000200    00000008     rtsv7M4_T_le_v4SPD16_eabi.lib : _lock.obj (.data)
                  20000208    00000008                                   : exit.obj (.data)
                  20000210    00000005     uartstdio.obj (.data)
                  20000215    00000003     --HOLE--
                  20000218    00000004     rtsv7M4_T_le_v4SPD16_eabi.lib : stkdepth_vars.obj (.data)

.bss       0    2000021c    00000010     UNINITIALIZED
                  2000021c    00000010     (.common:ADC_value)

.TI.persistent 
*          0    20000200    00000000     UNINITIALIZED

.TI.noinit 
*          0    2000021c    00000000     UNINITIALIZED


LINKER GENERATED COPY TABLES

__TI_cinit_table @ 00001118 records: 2, size/record: 8, table size: 16
	.data: load addr=000010f0, load size=0000000f bytes, run addr=20000200, run size=0000001c bytes, compression=rle
	.bss: load addr=00001110, load size=00000008 bytes, run addr=2000021c, run size=00000010 bytes, compression=zero_init


LINKER GENERATED HANDLER TABLE

__TI_handler_table @ 00001100 records: 3, size/record: 4, table size: 12
	index: 0, handler: __TI_decompress_rle24
	index: 1, handler: __TI_decompress_none
	index: 2, handler: __TI_zero_init


GLOBAL SYMBOLS: SORTED ALPHABETICALLY BY Name 

address   name                    
-------   ----                    
00001011  ADCIntClear             
00000f91  ADCProcessorTrigger     
00000ebd  ADCSequenceConfigure    
00000f5b  ADCSequenceDataGet      
00000fcf  ADCSequenceDisable      
00000fdd  ADCSequenceEnable       
00000b81  ADCSequenceStepConfigure
00000749  ADC_getVal              
2000021c  ADC_value               
00000e39  C$$EXIT                 
00000f31  GPIODirModeSet          
000008c5  GPIOPadConfigSet        
00000df1  GPIOPinConfigure        
00000fbd  GPIOPinTypeUART         
00001005  ResetISR                
UNDEFED   SHT$$INIT_ARRAY$$Base   
UNDEFED   SHT$$INIT_ARRAY$$Limit  
000009f5  SysCtlClockSet          
0000101b  SysCtlDelay             
00000efd  SysCtlPeripheralEnable  
00001021  UARTClockSourceSet      
0000026d  UARTStdioConfig         
000003e5  UARTgetc                
0000031f  UARTgets                
00000713  UARTprintf              
00000419  UARTvprintf             
000002cd  UARTwrite               
20000200  __STACK_END             
00000200  __STACK_SIZE            
20000200  __STACK_TOP             
00001118  __TI_CINIT_Base         
00001128  __TI_CINIT_Limit        
00001100  __TI_Handler_Table_Base 
0000110c  __TI_Handler_Table_Limit
00000c7d  __TI_auto_init          
20000208  __TI_cleanup_ptr        
00000feb  __TI_decompress_none    
00001027  __TI_decompress_rle24   
2000020c  __TI_dtors_ptr          
00000000  __TI_static_base__      
00000ff9  __TI_zero_init          
00000c7b  __aeabi_idiv0           
00000c01  __aeabi_memclr          
00000c01  __aeabi_memclr4         
00000c01  __aeabi_memclr8         
00000ae5  __aeabi_memcpy          
00000ae5  __aeabi_memcpy4         
00000ae5  __aeabi_memcpy8         
00000c03  __aeabi_memset          
00000c03  __aeabi_memset4         
00000c03  __aeabi_memset8         
00000e7d  __aeabi_uidiv           
00000e7d  __aeabi_uidivmod        
ffffffff  __binit__               
ffffffff  __c_args__              
20000000  __stack                 
00000f79  _args_main              
00000d55  _c_int00                
20000200  _lock                   
00000fb7  _nop                    
00000faf  _register_lock          
00000fa9  _register_unlock        
0000102d  _system_pre_init        
20000204  _unlock                 
00000e3d  abort                   
ffffffff  binit                   
00000da5  copy_in                 
00000e45  exit                    
00000000  g_pfnVectors            
000007b9  main                    
20000218  main_func_sp            
00000ae5  memcpy                  
00000c09  memset                  


GLOBAL SYMBOLS: SORTED BY Symbol Address 

address   name                    
-------   ----                    
00000000  __TI_static_base__      
00000000  g_pfnVectors            
00000200  __STACK_SIZE            
0000026d  UARTStdioConfig         
000002cd  UARTwrite               
0000031f  UARTgets                
000003e5  UARTgetc                
00000419  UARTvprintf             
00000713  UARTprintf              
00000749  ADC_getVal              
000007b9  main                    
000008c5  GPIOPadConfigSet        
000009f5  SysCtlClockSet          
00000ae5  __aeabi_memcpy          
00000ae5  __aeabi_memcpy4         
00000ae5  __aeabi_memcpy8         
00000ae5  memcpy                  
00000b81  ADCSequenceStepConfigure
00000c01  __aeabi_memclr          
00000c01  __aeabi_memclr4         
00000c01  __aeabi_memclr8         
00000c03  __aeabi_memset          
00000c03  __aeabi_memset4         
00000c03  __aeabi_memset8         
00000c09  memset                  
00000c7b  __aeabi_idiv0           
00000c7d  __TI_auto_init          
00000d55  _c_int00                
00000da5  copy_in                 
00000df1  GPIOPinConfigure        
00000e39  C$$EXIT                 
00000e3d  abort                   
00000e45  exit                    
00000e7d  __aeabi_uidiv           
00000e7d  __aeabi_uidivmod        
00000ebd  ADCSequenceConfigure    
00000efd  SysCtlPeripheralEnable  
00000f31  GPIODirModeSet          
00000f5b  ADCSequenceDataGet      
00000f79  _args_main              
00000f91  ADCProcessorTrigger     
00000fa9  _register_unlock        
00000faf  _register_lock          
00000fb7  _nop                    
00000fbd  GPIOPinTypeUART         
00000fcf  ADCSequenceDisable      
00000fdd  ADCSequenceEnable       
00000feb  __TI_decompress_none    
00000ff9  __TI_zero_init          
00001005  ResetISR                
00001011  ADCIntClear             
0000101b  SysCtlDelay             
00001021  UARTClockSourceSet      
00001027  __TI_decompress_rle24   
0000102d  _system_pre_init        
00001100  __TI_Handler_Table_Base 
0000110c  __TI_Handler_Table_Limit
00001118  __TI_CINIT_Base         
00001128  __TI_CINIT_Limit        
20000000  __stack                 
20000200  __STACK_END             
20000200  __STACK_TOP             
20000200  _lock                   
20000204  _unlock                 
20000208  __TI_cleanup_ptr        
2000020c  __TI_dtors_ptr          
20000218  main_func_sp            
2000021c  ADC_value               
ffffffff  __binit__               
ffffffff  __c_args__              
ffffffff  binit                   
UNDEFED   SHT$$INIT_ARRAY$$Base   
UNDEFED   SHT$$INIT_ARRAY$$Limit  

[73 symbols]
